---
source: apps/llm-proxy/src/platform.rs
expression: plist
---
<?xml version="1.0" encoding="UTF-8"?>
<!DOCTYPE plist PUBLIC "-//Apple//DTD PLIST 1.0//EN" "http://www.apple.com/DTDs/PropertyList-1.0.dtd">
<plist version="1.0">
<dict>
    <key>Label</key>
    <string>com.llm-proxy</string>
    <key>ProgramArguments</key>
    <array>
        <string>/usr/bin/llm-proxy</string>
        <string>serve</string>
    </array>
    <key>RunAtLoad</key>
    <true/>
    <key>KeepAlive</key>
    <false/>
    <key>StandardOutPath</key>
    <string>[log_path]</string>
    <key>StandardErrorPath</key>
    <string>[log_path]</string>
</dict>
</plist>
